# sweep started 2026-10-04T15:22:21  -> reports/run_2026-10-04_152221
[1/27] linear_m02 ...
    done in 297s   W1/sd 0.0269   cond W1 0.0042   sup err 0.0240 vs bound 0.183
    300 epochs, final lr 0.0e+00
[2/27] linear_m04 ...
    done in 271s   W1/sd 0.0268   cond W1 0.0041   sup err 0.0238 vs bound 0.099
    300 epochs, final lr 0.0e+00
[3/27] linear_m08 ...
    done in 275s   W1/sd 0.0277   cond W1 0.0043   sup err 0.0282 vs bound 0.097
    300 epochs, final lr 0.0e+00
[4/27] hetero_m02 ...
    done in 265s   W1/sd 0.0243   cond W1 0.0034   sup err 0.0183 vs bound 0.128
    300 epochs, final lr 0.0e+00
[5/27] hetero_m04 ...
    done in 296s   W1/sd 0.0232   cond W1 0.0035   sup err 0.0168 vs bound 0.095
    300 epochs, final lr 0.0e+00
[6/27] hetero_m08 ...
    done in 316s   W1/sd 0.0262   cond W1 0.0038   sup err 0.0231 vs bound 0.108
    300 epochs, final lr 0.0e+00
[7/27] skew_m02 ...
    done in 316s   W1/sd 0.0172   cond W1 0.0049   sup err 0.0326 vs bound 0.138
    300 epochs, final lr 0.0e+00
[8/27] skew_m04 ...
    done in 325s   W1/sd 0.0135   cond W1 0.0050   sup err 0.0343 vs bound 0.138
    300 epochs, final lr 0.0e+00
[9/27] skew_m08 ...
    done in 319s   W1/sd 0.0179   cond W1 0.0057   sup err 0.0327 vs bound 0.137
    300 epochs, final lr 0.0e+00
[10/27] smoothnl_m02 ...
    done in 307s   W1/sd 0.0221   cond W1 0.0084   sup err 0.0475 vs bound 0.280
    300 epochs, final lr 0.0e+00
[11/27] smoothnl_m04 ...
    done in 342s   W1/sd 0.0240   cond W1 0.0082   sup err 0.0534 vs bound 0.266
    300 epochs, final lr 0.0e+00
[12/27] smoothnl_m08 ...
    done in 340s   W1/sd 0.0259   cond W1 0.0082   sup err 0.0994 vs bound 0.393
    300 epochs, final lr 0.0e+00
[13/27] arch_m02 ...
    done in 300s   W1/sd 0.0280   cond W1 0.0134   sup err 0.0983 vs bound 0.658
    300 epochs, final lr 0.0e+00
[14/27] arch_m04 ...
    done in 313s   W1/sd 0.0259   cond W1 0.0137   sup err 0.1151 vs bound 0.686
    300 epochs, final lr 0.0e+00
[15/27] arch_m08 ...
    done in 301s   W1/sd 0.0324   cond W1 0.0148   sup err 0.1437 vs bound 0.740
    300 epochs, final lr 0.0e+00
[16/27] oscillatory_m02 ...
    done in 296s   W1/sd 0.0202   cond W1 0.0108   sup err 0.0814 vs bound 0.383
    300 epochs, final lr 0.0e+00
[17/27] oscillatory_m04 ...
    done in 292s   W1/sd 0.0194   cond W1 0.0123   sup err 0.0918 vs bound 0.335
    300 epochs, final lr 0.0e+00
[18/27] oscillatory_m08 ...
    done in 304s   W1/sd 0.0225   cond W1 0.0120   sup err 0.0877 vs bound 0.329
    300 epochs, final lr 0.0e+00
[19/27] logistic_m02 ...
    done in 319s   W1/sd 0.0218   cond W1 0.0165   sup err 0.0933 vs bound 0.618
    300 epochs, final lr 0.0e+00
[20/27] logistic_m04 ...
    done in 320s   W1/sd 0.0216   cond W1 0.0164   sup err 0.1214 vs bound 0.705
    300 epochs, final lr 0.0e+00
[21/27] logistic_m08 ...
    done in 317s   W1/sd 0.0264   cond W1 0.0177   sup err 0.1520 vs bound 0.732
    300 epochs, final lr 0.0e+00
[22/27] arma_m02 ...
    done in 340s   W1/sd 0.0199   cond W1 0.0048   sup err 0.0263 vs bound 0.490
    300 epochs, final lr 0.0e+00
[23/27] arma_m04 ...
    done in 336s   W1/sd 0.0180   cond W1 0.0045   sup err 0.0202 vs bound 0.134
    300 epochs, final lr 0.0e+00
[24/27] arma_m08 ...
    done in 301s   W1/sd 0.0231   cond W1 0.0047   sup err 0.0229 vs bound 0.100
    300 epochs, final lr 0.0e+00
[25/27] longmem_m02 ...
    done in 343s   W1/sd 0.0238   cond W1 0.0046   sup err 0.0939 vs bound 1.243
    300 epochs, final lr 0.0e+00
[26/27] longmem_m04 ...
    done in 301s   W1/sd 0.0202   cond W1 0.0047   sup err 0.0640 vs bound 1.092
    300 epochs, final lr 0.0e+00
[27/27] longmem_m08 ...
    done in 340s   W1/sd 0.0257   cond W1 0.0050   sup err 0.0456 vs bound 0.923
    300 epochs, final lr 0.0e+00
# ALL DONE  27/27 in 140.4 min
